// Jest Snapshot v1, https://goo.gl/fbAQLP

exports[`Button should render correctly 1`] = `
<div>
  <button
    class="btn primary medium"
  >
    Hello
  </button>
</div>
`;
